// Jest Snapshot v1, https://goo.gl/fbAQLP

exports[`App should render App component and match snapshot 1`] = `
Object {
  "asFragment": [Function],
  "baseElement": <body>
    <div>
      <main>
        <div />
        <main>
          <div
            class="container text-center"
          >
            <div
              class="row"
            >
              <div
                class="col-sm"
              >
                <h1>
                  Employee Polls
                </h1>
                <img
                  alt="Employee Polls"
                  class="rounded"
                  src="people.png"
                />
                <h2>
                  Log In
                </h2>
                <form>
                  <div
                    class="mb-3"
                  >
                    <label
                      class="form-label"
                      for="user"
                    >
                      User
                    </label>
                    <input
                      class="form-control"
                      id="user"
                      placeholder="User"
                      type="text"
                      value=""
                    />
                  </div>
                  <div
                    class="mb-3"
                  >
                    <label
                      class="form-label"
                      for="password"
                    >
                      Password
                    </label>
                    <input
                      class="form-control"
                      id="exampleInputPassword1"
                      placeholder="Password"
                      type="password"
                      value=""
                    />
                  </div>
                  <button
                    class="btn btn-primary"
                    type="submit"
                  >
                    Submit
                  </button>
                </form>
              </div>
            </div>
          </div>
        </main>
      </main>
    </div>
  </body>,
  "container": <div>
    <main>
      <div />
      <main>
        <div
          class="container text-center"
        >
          <div
            class="row"
          >
            <div
              class="col-sm"
            >
              <h1>
                Employee Polls
              </h1>
              <img
                alt="Employee Polls"
                class="rounded"
                src="people.png"
              />
              <h2>
                Log In
              </h2>
              <form>
                <div
                  class="mb-3"
                >
                  <label
                    class="form-label"
                    for="user"
                  >
                    User
                  </label>
                  <input
                    class="form-control"
                    id="user"
                    placeholder="User"
                    type="text"
                    value=""
                  />
                </div>
                <div
                  class="mb-3"
                >
                  <label
                    class="form-label"
                    for="password"
                  >
                    Password
                  </label>
                  <input
                    class="form-control"
                    id="exampleInputPassword1"
                    placeholder="Password"
                    type="password"
                    value=""
                  />
                </div>
                <button
                  class="btn btn-primary"
                  type="submit"
                >
                  Submit
                </button>
              </form>
            </div>
          </div>
        </div>
      </main>
    </main>
  </div>,
  "debug": [Function],
  "findAllByAltText": [Function],
  "findAllByDisplayValue": [Function],
  "findAllByLabelText": [Function],
  "findAllByPlaceholderText": [Function],
  "findAllByRole": [Function],
  "findAllByTestId": [Function],
  "findAllByText": [Function],
  "findAllByTitle": [Function],
  "findByAltText": [Function],
  "findByDisplayValue": [Function],
  "findByLabelText": [Function],
  "findByPlaceholderText": [Function],
  "findByRole": [Function],
  "findByTestId": [Function],
  "findByText": [Function],
  "findByTitle": [Function],
  "getAllByAltText": [Function],
  "getAllByDisplayValue": [Function],
  "getAllByLabelText": [Function],
  "getAllByPlaceholderText": [Function],
  "getAllByRole": [Function],
  "getAllByTestId": [Function],
  "getAllByText": [Function],
  "getAllByTitle": [Function],
  "getByAltText": [Function],
  "getByDisplayValue": [Function],
  "getByLabelText": [Function],
  "getByPlaceholderText": [Function],
  "getByRole": [Function],
  "getByTestId": [Function],
  "getByText": [Function],
  "getByTitle": [Function],
  "queryAllByAltText": [Function],
  "queryAllByDisplayValue": [Function],
  "queryAllByLabelText": [Function],
  "queryAllByPlaceholderText": [Function],
  "queryAllByRole": [Function],
  "queryAllByTestId": [Function],
  "queryAllByText": [Function],
  "queryAllByTitle": [Function],
  "queryByAltText": [Function],
  "queryByDisplayValue": [Function],
  "queryByLabelText": [Function],
  "queryByPlaceholderText": [Function],
  "queryByRole": [Function],
  "queryByTestId": [Function],
  "queryByText": [Function],
  "queryByTitle": [Function],
  "rerender": [Function],
  "unmount": [Function],
}
`;
